// Jest Snapshot v1, https://goo.gl/fbAQLP

exports[`#cogs/cogs/checkbox/title <Title /> With additional props renders 1`] = `
<label
  className="MOCK CLASSNAME"
  htmlFor="MOCK ID"
>
  MOCK TITLE
</label>
`;

exports[`#cogs/cogs/checkbox/title <Title /> With required props renders 1`] = `null`;
