// Jest Snapshot v1, https://goo.gl/fbAQLP

exports[`shinkansen-cogs/components/error-message <ErrorMessage /> With additional props renders 1`] = `
<span
  className="error-message"
>
  <span
    className="text-content"
  >
    Unknown
  </span>
</span>
`;

exports[`shinkansen-cogs/components/error-message <ErrorMessage /> With required props renders 1`] = `null`;
