// Jest Snapshot v1, https://goo.gl/fbAQLP

exports[`#cogs/cogs/password/description <Description /> With additional props matches the snapshot 1`] = `
<span
  className="MOCK CLASSNAME"
>
  <TextContent>
    <span
      className="text-content"
    >
      MOCK DESCRIPTION
    </span>
  </TextContent>
</span>
`;

exports[`#cogs/cogs/password/description <Description /> With required props matches the snapshot 1`] = `null`;
