// Jest Snapshot v1, https://goo.gl/fbAQLP

exports[`shinkansen-cogs/components/common/required <Component /> renders 1`] = `
<span
  className="is-required"
>
  *
</span>
`;
