// Jest Snapshot v1, https://goo.gl/fbAQLP

exports[`#cogs/cogs/textarea <Cog /> With additional props renders 1`] = `
<div
  className="MOCK CLASSNAME"
/>
`;

exports[`#cogs/cogs/textarea <Cog /> With required props renders 1`] = `
<div
  className="MOCK CLASSNAME"
/>
`;
