// Jest Snapshot v1, https://goo.gl/fbAQLP

exports[`shinkansen-cogs/cogs/password <Cog /> With additional props renders 1`] = `
<div
  className="MOCK CLASSNAME"
/>
`;

exports[`shinkansen-cogs/cogs/password <Cog /> With required props renders 1`] = `
<div
  className="MOCK CLASSNAME"
/>
`;
