// Jest Snapshot v1, https://jestjs.io/docs/snapshot-testing

exports[`#cogs/cogs/email/error-message <ErrorMessage /> With additional props matches the snapshot 1`] = `
<span
  className="MOCK CLASSNAME"
>
  <TextContent>
    <span
      className="text-content"
    >
      Unknown
    </span>
  </TextContent>
</span>
`;

exports[`#cogs/cogs/email/error-message <ErrorMessage /> With required props matches the snapshot 1`] = `null`;
