// Jest Snapshot v1, https://goo.gl/fbAQLP

exports[`#cogs/super/components/field <Field /> With additional props renders 1`] = `
<input
  accessKey="MOCK ACCESS KEY"
  className="input"
  disabled={true}
  id="MOCK ID"
  placeholder="MOCK PLACEHOLDER"
  readOnly={true}
  required={true}
  tabIndex={1}
/>
`;

exports[`#cogs/super/components/field <Field /> With required props renders 1`] = `
<input
  className="input"
  disabled={false}
  readOnly={false}
  required={false}
/>
`;
