// Jest Snapshot v1, https://goo.gl/fbAQLP

exports[`#cogs/components/common/text-content <TextContent /> matches the snapshot 1`] = `
<span
  className="text-content"
>
  MOCK TEXT CONTENT
</span>
`;
