// Jest Snapshot v1, https://goo.gl/fbAQLP

exports[`#cogs/cogs/select/error-message <ErrorMessage /> With additional props renders 1`] = `
<span
  className="MOCK CLASSNAME"
>
  MOCK ERROR MESSAGE
</span>
`;

exports[`#cogs/cogs/select/error-message <ErrorMessage /> With required props renders 1`] = `null`;
